TAP version 13
# Subtest: task loader binds actual tested Git subject separately from later evidence commits
ok 1 - task loader binds actual tested Git subject separately from later evidence commits
  ---
  duration_ms: 1795.032208
  type: 'test'
  ...
# Subtest: task loader rejects dirty and untracked evidence without executing receipt commands
ok 2 - task loader rejects dirty and untracked evidence without executing receipt commands
  ---
  duration_ms: 1819.563
  type: 'test'
  ...
# Subtest: task loader rejects tracked symlinks, altered frozen manifests and out of scope subject edits
ok 3 - task loader rejects tracked symlinks, altered frozen manifests and out of scope subject edits
  ---
  duration_ms: 7237.472834
  type: 'test'
  ...
# Subtest: task loader preserves absent catalog behavior
ok 4 - task loader preserves absent catalog behavior
  ---
  duration_ms: 501.395667
  type: 'test'
  ...
# Subtest: task Git reads ignore replacement objects for declared immutable revisions
ok 5 - task Git reads ignore replacement objects for declared immutable revisions
  ---
  duration_ms: 696.107292
  type: 'test'
  ...
# Subtest: task loader reads actual object-form source-size baselines and verifies a shrinking extraction
ok 6 - task loader reads actual object-form source-size baselines and verifies a shrinking extraction
  ---
  duration_ms: 3068.381958
  type: 'test'
  ...
# Subtest: task lifecycle validates staged planning, future tests, subject, evidence and receipt commits
ok 7 - task lifecycle validates staged planning, future tests, subject, evidence and receipt commits
  ---
  duration_ms: 8195.530666
  type: 'test'
  ...
# Subtest: task lifecycle opens acceptance during a frozen successor and rejects undeclared drift
ok 8 - task lifecycle opens acceptance during a frozen successor and rejects undeclared drift
  ---
  duration_ms: 47023.460125
  type: 'test'
  ...
# Subtest: execution base cannot conceal source edits or use a fabricated review lock
ok 9 - execution base cannot conceal source edits or use a fabricated review lock
  ---
  duration_ms: 2145.459125
  type: 'test'
  ...
# Subtest: accepted subject must contain its declared literal test identities even when planning deferred discovery
ok 10 - accepted subject must contain its declared literal test identities even when planning deferred discovery
  ---
  duration_ms: 1244.352625
  type: 'test'
  ...
1..10
# tests 10
# suites 0
# pass 10
# fail 0
# cancelled 0
# skipped 0
# todo 0
# duration_ms 73899.441792
