TAP version 13
# Subtest: remaining plan covers canonical families and every assignment reaches final conversion
ok 1 - remaining plan covers canonical families and every assignment reaches final conversion
  ---
  duration_ms: 1.8665
  type: 'test'
  ...
# Subtest: remaining plan rejects cycles, unknown dependencies, detached tasks and authority expansion
ok 2 - remaining plan rejects cycles, unknown dependencies, detached tasks and authority expansion
  ---
  duration_ms: 2.871416
  type: 'test'
  ...
# Subtest: remaining plan cannot hide removed canonical families or malformed tasks
ok 3 - remaining plan cannot hide removed canonical families or malformed tasks
  ---
  duration_ms: 0.5285
  type: 'test'
  ...
# Subtest: published catalog and graphs match the machine-readable plan
ok 4 - published catalog and graphs match the machine-readable plan
  ---
  duration_ms: 3.390125
  type: 'test'
  ...
1..4
# tests 4
# suites 0
# pass 4
# fail 0
# cancelled 0
# skipped 0
# todo 0
# duration_ms 42.652625
