TAP version 13
# Subtest: unified Trash helpers filter types and require exact type-specific phrases
ok 1 - unified Trash helpers filter types and require exact type-specific phrases
  ---
  duration_ms: 0.954375
  type: 'test'
  ...
# Subtest: unified Trash helpers ignore stale success and failure side effects
ok 2 - unified Trash helpers ignore stale success and failure side effects
  ---
  duration_ms: 0.390459
  type: 'test'
  ...
# Subtest: fragment token is decoded without accepting unrelated URL data
ok 3 - fragment token is decoded without accepting unrelated URL data
  ---
  duration_ms: 0.293542
  type: 'test'
  ...
# Subtest: fragment token survives a same-tab reload without remaining in the URL
ok 4 - fragment token survives a same-tab reload without remaining in the URL
  ---
  duration_ms: 0.22875
  type: 'test'
  ...
# Subtest: API client authenticates in memory and surfaces revision conflicts
ok 5 - API client authenticates in memory and surfaces revision conflicts
  ---
  duration_ms: 0.460583
  type: 'test'
  ...
# Subtest: Facts save retry policy is bounded and limited to revision conflicts
ok 6 - Facts save retry policy is bounded and limited to revision conflicts
  ---
  duration_ms: 0.131667
  type: 'test'
  ...
# Subtest: jobs filter by status and human-visible fields
ok 7 - jobs filter by status and human-visible fields
  ---
  duration_ms: 0.24325
  type: 'test'
  ...
# Subtest: form values become a supported Store patch
ok 8 - form values become a supported Store patch
  ---
  duration_ms: 0.089833
  type: 'test'
  ...
# Subtest: resume tag drafts are trimmed without inventing durable browser state
ok 9 - resume tag drafts are trimmed without inventing durable browser state
  ---
  duration_ms: 0.198292
  type: 'test'
  ...
# Subtest: resume assignment copy uses canonical projection counts
ok 10 - resume assignment copy uses canonical projection counts
  ---
  duration_ms: 0.268375
  type: 'test'
  ...
# Subtest: resume refresh results stay bound to their requested Active or Trash view
ok 11 - resume refresh results stay bound to their requested Active or Trash view
  ---
  duration_ms: 0.07875
  type: 'test'
  ...
# Subtest: extraction request view is honest and closed for every state
ok 12 - extraction request view is honest and closed for every state
  ---
  duration_ms: 0.129625
  type: 'test'
  ...
# Subtest: proposal groups keep deterministic order and unknown paths visible
ok 13 - proposal groups keep deterministic order and unknown paths visible
  ---
  duration_ms: 0.081459
  type: 'test'
  ...
# Subtest: status actions preserve guarded ready, acquire, and applied boundaries
ok 14 - status actions preserve guarded ready, acquire, and applied boundaries
  ---
  duration_ms: 0.063458
  type: 'test'
  ...
# Subtest: M01 employer account requests preserve revision checks, coercion and explicit clear
ok 15 - M01 employer account requests preserve revision checks, coercion and explicit clear
  ---
  duration_ms: 1.947208
  type: 'test'
  ...
# Subtest: M01 Trusted Fill approval packets preserve field order, copying and coercion failures
ok 16 - M01 Trusted Fill approval packets preserve field order, copying and coercion failures
  ---
  duration_ms: 3.306917
  type: 'test'
  ...
# Subtest: M01 Trusted Fill revocation requests preserve canonical revisions and encoded paths
ok 17 - M01 Trusted Fill revocation requests preserve canonical revisions and encoded paths
  ---
  duration_ms: 1.089459
  type: 'test'
  ...
1..17
# tests 17
# suites 0
# pass 17
# fail 0
# cancelled 0
# skipped 0
# todo 0
# duration_ms 226.4335
