TAP version 13
# Subtest: literal test bindings require node:test imports and nonempty direct declarations
ok 1 - literal test bindings require node:test imports and nonempty direct declarations
  ---
  duration_ms: 3.78425
  type: 'test'
  ...
# Subtest: malformed syntax and duplicate declared test IDs cannot bind requirements
ok 2 - malformed syntax and duplicate declared test IDs cannot bind requirements
  ---
  duration_ms: 0.58925
  type: 'test'
  ...
# Subtest: platform literal bindings select only the explicitly supplied finite branch in source order
ok 3 - platform literal bindings select only the explicitly supplied finite branch in source order
  ---
  duration_ms: 2.18725
  type: 'test'
  ...
# Subtest: platform literal bindings preserve no-context behavior and reject unsupported syntax
ok 4 - platform literal bindings preserve no-context behavior and reject unsupported syntax
  ---
  duration_ms: 1.636708
  type: 'test'
  ...
# Subtest: platform literal bindings reject shadowed process and node test identities
ok 5 - platform literal bindings reject shadowed process and node test identities
  ---
  duration_ms: 1.138708
  type: 'test'
  ...
# Subtest: platform literal bindings reject process mutation and escaped process aliases
ok 6 - platform literal bindings reject process mutation and escaped process aliases
  ---
  duration_ms: 3.033875
  type: 'test'
  ...
# Subtest: platform literal bindings match the three frozen S08 platform declarations
ok 7 - platform literal bindings match the three frozen S08 platform declarations
  ---
  duration_ms: 13.348416
  type: 'test'
  ...
# Subtest: current inventory discovery uses explicit current platform without changing no-context consumers
ok 8 - current inventory discovery uses explicit current platform without changing no-context consumers
  ---
  duration_ms: 38.128458
  type: 'test'
  ...
# Subtest: literal timeout options recognize safe positive integers and existing UI declaration shapes
ok 9 - literal timeout options recognize safe positive integers and existing UI declaration shapes
  ---
  duration_ms: 0.888208
  type: 'test'
  ...
# Subtest: literal timeout options reject dynamic unsafe and test-suppressing object forms
ok 10 - literal timeout options reject dynamic unsafe and test-suppressing object forms
  ---
  duration_ms: 1.206375
  type: 'test'
  ...
# Subtest: literal timeout options retain callback alias conditional and duplicate guards
ok 11 - literal timeout options retain callback alias conditional and duplicate guards
  ---
  duration_ms: 0.579041
  type: 'test'
  ...
1..11
# tests 11
# suites 0
# pass 11
# fail 0
# cancelled 0
# skipped 0
# todo 0
# duration_ms 229.099417
