TAP version 13
# Subtest: affected selection unions owners and selects a changed test itself
ok 1 - affected selection unions owners and selects a changed test itself
  ---
  duration_ms: 0.867417
  type: 'test'
  ...
# Subtest: global and unknown changes fail closed to the full tier
ok 2 - global and unknown changes fail closed to the full tier
  ---
  duration_ms: 0.096375
  type: 'test'
  ...
# Subtest: real shared Python helpers select every consuming shard
ok 3 - real shared Python helpers select every consuming shard
  ---
  duration_ms: 64.763334
  type: 'test'
  ...
# Subtest: real production paths conservatively include cross-language consumers
ok 4 - real production paths conservatively include cross-language consumers
  ---
  duration_ms: 69.384084
  type: 'test'
  ...
# Subtest: matrix validation rejects omissions and duplicate full inventory
ok 5 - matrix validation rejects omissions and duplicate full inventory
  ---
  duration_ms: 0.675958
  type: 'test'
  ...
# Subtest: name-status parsing preserves both rename paths and deletions
ok 6 - name-status parsing preserves both rename paths and deletions
  ---
  duration_ms: 0.10525
  type: 'test'
  ...
# Subtest: git selection combines committed, staged, unstaged, deleted, renamed, and untracked paths
ok 7 - git selection combines committed, staged, unstaged, deleted, renamed, and untracked paths
  ---
  duration_ms: 97.5495
  type: 'test'
  ...
# Subtest: P03 graph follows runtime type support and literal child-process dependencies
ok 8 - P03 graph follows runtime type support and literal child-process dependencies
  ---
  duration_ms: 231.541167
  type: 'test'
  ...
# Subtest: P03 graph rejects unresolved relevant imports and missing owned targets
ok 9 - P03 graph rejects unresolved relevant imports and missing owned targets
  ---
  duration_ms: 1144.49375
  type: 'test'
  ...
# Subtest: P03 graph re-evaluates newly added consumers from the immutable subject
ok 10 - P03 graph re-evaluates newly added consumers from the immutable subject
  ---
  duration_ms: 2898.741209
  type: 'test'
  ...
# Subtest: P03 graph binds source and emitted module identities without duplicate consumers
ok 11 - P03 graph binds source and emitted module identities without duplicate consumers
  ---
  duration_ms: 75.090958
  type: 'test'
  ...
1..11
# tests 11
# suites 0
# pass 11
# fail 0
# cancelled 0
# skipped 0
# todo 0
# duration_ms 4620.365667
