TAP version 13
# Subtest: push broad selection refuses before running commands and cleans its snapshot
ok 1 - push broad selection refuses before running commands and cleans its snapshot
  ---
  duration_ms: 179.67775
  type: 'test'
  ...
# [local-build]
# [local-build] > build:check
# [local-build] > node -e "process.exit(0)"
# [local-build]
# [native-posix-lock] TAP version 13
# [native-posix-lock] \# Subtest: owned native substitute
# [native-posix-lock] ok 1 - owned native substitute
# [native-posix-lock]   ---
# [native-posix-lock]   duration_ms: 0.205375
# [native-posix-lock]   type: 'test'
# [native-posix-lock]   ...
# [native-posix-lock] \# Subtest: owned native substitute
# [native-posix-lock] ok 2 - owned native substitute
# [native-posix-lock]   ---
# [native-posix-lock]   duration_ms: 0.205583
# [native-posix-lock]   type: 'test'
# [native-posix-lock]   ...
# [native-posix-lock] \# Subtest: owned native substitute
# [native-posix-lock] ok 3 - owned native substitute
# [native-posix-lock]   ---
# [native-posix-lock]   duration_ms: 0.203541
# [native-posix-lock]   type: 'test'
# [native-posix-lock]   ...
# [native-posix-lock] \# Subtest: owned native substitute
# [native-posix-lock] ok 4 - owned native substitute
# [native-posix-lock]   ---
# [native-posix-lock]   duration_ms: 0.219959
# [native-posix-lock]   type: 'test'
# [native-posix-lock]   ...
# [native-posix-lock] \# Subtest: owned native substitute
# [native-posix-lock] ok 5 - owned native substitute
# [native-posix-lock]   ---
# [native-posix-lock]   duration_ms: 0.199417
# [native-posix-lock]   type: 'test'
# [native-posix-lock]   ...
# [native-posix-lock] 1..5
# [native-posix-lock] \# tests 5
# [native-posix-lock] \# suites 0
# [native-posix-lock] \# pass 5
# [native-posix-lock] \# fail 0
# [native-posix-lock] \# cancelled 0
# [native-posix-lock] \# skipped 0
# [native-posix-lock] \# todo 0
# [native-posix-lock] \# duration_ms 126.160416
# [native-posix-timestamps] TAP version 13
# [native-posix-timestamps] \# Subtest: owned native substitute
# [native-posix-timestamps] ok 1 - owned native substitute
# [native-posix-timestamps]   ---
# [native-posix-timestamps]   duration_ms: 0.251709
# [native-posix-timestamps]   type: 'test'
# [native-posix-timestamps]   ...
# [native-posix-timestamps] 1..1
# [native-posix-timestamps] \# tests 1
# [native-posix-timestamps] \# suites 0
# [native-posix-timestamps] \# pass 1
# [native-posix-timestamps] \# fail 0
# [native-posix-timestamps] \# cancelled 0
# [native-posix-timestamps] \# skipped 0
# [native-posix-timestamps] \# todo 0
# [native-posix-timestamps] \# duration_ms 30.107292
# Local deep checks passed; 5 suites. Receipts: /var/folders/wt/nn4g5swd3gd139y9r6yw6x_80000gn/T/local-consumer-graph-HRwFli/.git/local-checks
# Reusing portable local validation for 9aa4af9dd56c; native obligations run freshly.
# [native-posix-lock] TAP version 13
# [native-posix-lock] \# Subtest: owned native substitute
# [native-posix-lock] ok 1 - owned native substitute
# [native-posix-lock]   ---
# [native-posix-lock]   duration_ms: 0.243958
# [native-posix-lock]   type: 'test'
# [native-posix-lock]   ...
# [native-posix-lock] \# Subtest: owned native substitute
# [native-posix-lock] ok 2 - owned native substitute
# [native-posix-lock]   ---
# [native-posix-lock]   duration_ms: 0.226167
# [native-posix-lock]   type: 'test'
# [native-posix-lock]   ...
# [native-posix-lock] \# Subtest: owned native substitute
# [native-posix-lock] ok 3 - owned native substitute
# [native-posix-lock]   ---
# [native-posix-lock]   duration_ms: 0.227959
# [native-posix-lock]   type: 'test'
# [native-posix-lock]   ...
# [native-posix-lock] \# Subtest: owned native substitute
# [native-posix-lock] ok 4 - owned native substitute
# [native-posix-lock]   ---
# [native-posix-lock]   duration_ms: 0.23225
# [native-posix-lock]   type: 'test'
# [native-posix-lock]   ...
# [native-posix-lock] \# Subtest: owned native substitute
# [native-posix-lock] ok 5 - owned native substitute
# [native-posix-lock]   ---
# [native-posix-lock]   duration_ms: 0.245125
# [native-posix-lock]   type: 'test'
# [native-posix-lock]   ...
# [native-posix-lock] 1..5
# [native-posix-lock] \# tests 5
# [native-posix-lock] \# suites 0
# [native-posix-lock] \# pass 5
# [native-posix-lock] \# fail 0
# [native-posix-lock] \# cancelled 0
# [native-posix-lock] \# skipped 0
# [native-posix-lock] \# todo 0
# [native-posix-lock] \# duration_ms 140.521875
# [native-posix-timestamps] TAP version 13
# [native-posix-timestamps] \# Subtest: owned native substitute
# [native-posix-timestamps] ok 1 - owned native substitute
# [native-posix-timestamps]   ---
# [native-posix-timestamps]   duration_ms: 0.248541
# [native-posix-timestamps]   type: 'test'
# [native-posix-timestamps]   ...
# [native-posix-timestamps] 1..1
# [native-posix-timestamps] \# tests 1
# [native-posix-timestamps] \# suites 0
# [native-posix-timestamps] \# pass 1
# [native-posix-timestamps] \# fail 0
# [native-posix-timestamps] \# cancelled 0
# [native-posix-timestamps] \# skipped 0
# [native-posix-timestamps] \# todo 0
# [native-posix-timestamps] \# duration_ms 31.24975
# Local push checks passed; 5 suites. Receipts: /var/folders/wt/nn4g5swd3gd139y9r6yw6x_80000gn/T/local-consumer-graph-HRwFli/.git/local-checks
# Subtest: deep receipt is reusable only for the same target and base
ok 2 - deep receipt is reusable only for the same target and base
  ---
  duration_ms: 950.931084
  type: 'test'
  ...
# [local-build]
# [local-build] > build:check
# [local-build] > node -e "process.exit(0)"
# [local-build]
# [native-posix-lock] TAP version 13
# [native-posix-lock] \# Subtest: owned native substitute
# [native-posix-lock] ok 1 - owned native substitute
# [native-posix-lock]   ---
# [native-posix-lock]   duration_ms: 0.23475
# [native-posix-lock]   type: 'test'
# [native-posix-lock]   ...
# [native-posix-lock] \# Subtest: owned native substitute
# [native-posix-lock] ok 2 - owned native substitute
# [native-posix-lock]   ---
# [native-posix-lock]   duration_ms: 0.228542
# [native-posix-lock]   type: 'test'
# [native-posix-lock]   ...
# [native-posix-lock] \# Subtest: owned native substitute
# [native-posix-lock] ok 3 - owned native substitute
# [native-posix-lock]   ---
# [native-posix-lock]   duration_ms: 0.223959
# [native-posix-lock]   type: 'test'
# [native-posix-lock]   ...
# [native-posix-lock] \# Subtest: owned native substitute
# [native-posix-lock] ok 4 - owned native substitute
# [native-posix-lock]   ---
# [native-posix-lock]   duration_ms: 0.225792
# [native-posix-lock]   type: 'test'
# [native-posix-lock]   ...
# [native-posix-lock] \# Subtest: owned native substitute
# [native-posix-lock] ok 5 - owned native substitute
# [native-posix-lock]   ---
# [native-posix-lock]   duration_ms: 0.211333
# [native-posix-lock]   type: 'test'
# [native-posix-lock]   ...
# [native-posix-lock] 1..5
# [native-posix-lock] \# tests 5
# [native-posix-lock] \# suites 0
# [native-posix-lock] \# pass 5
# [native-posix-lock] \# fail 0
# [native-posix-lock] \# cancelled 0
# [native-posix-lock] \# skipped 0
# [native-posix-lock] \# todo 0
# [native-posix-lock] \# duration_ms 139.450417
# [native-posix-timestamps] TAP version 13
# [native-posix-timestamps] \# Subtest: owned native substitute
# [native-posix-timestamps] ok 1 - owned native substitute
# [native-posix-timestamps]   ---
# [native-posix-timestamps]   duration_ms: 0.243917
# [native-posix-timestamps]   type: 'test'
# [native-posix-timestamps]   ...
# [native-posix-timestamps] 1..1
# [native-posix-timestamps] \# tests 1
# [native-posix-timestamps] \# suites 0
# [native-posix-timestamps] \# pass 1
# [native-posix-timestamps] \# fail 0
# [native-posix-timestamps] \# cancelled 0
# [native-posix-timestamps] \# skipped 0
# [native-posix-timestamps] \# todo 0
# [native-posix-timestamps] \# duration_ms 29.417542
# Subtest: failed deep result is preserved but never reused by push
ok 3 - failed deep result is preserved but never reused by push
  ---
  duration_ms: 554.33525
  type: 'test'
  ...
# [local-build]
# [local-build] > build:check
# [local-build] > node -e "process.exit(0)"
# [local-build]
# [native-posix-lock] TAP version 13
# [native-posix-lock] \# Subtest: owned native substitute
# [native-posix-lock] ok 1 - owned native substitute
# [native-posix-lock]   ---
# [native-posix-lock]   duration_ms: 0.329458
# [native-posix-lock]   type: 'test'
# [native-posix-lock]   ...
# [native-posix-lock] \# Subtest: owned native substitute
# [native-posix-lock] ok 2 - owned native substitute
# [native-posix-lock]   ---
# [native-posix-lock]   duration_ms: 0.23175
# [native-posix-lock]   type: 'test'
# [native-posix-lock]   ...
# [native-posix-lock] \# Subtest: owned native substitute
# [native-posix-lock] ok 3 - owned native substitute
# [native-posix-lock]   ---
# [native-posix-lock]   duration_ms: 0.217709
# [native-posix-lock]   type: 'test'
# [native-posix-lock]   ...
# [native-posix-lock] \# Subtest: owned native substitute
# [native-posix-lock] ok 4 - owned native substitute
# [native-posix-lock]   ---
# [native-posix-lock]   duration_ms: 0.222334
# [native-posix-lock]   type: 'test'
# [native-posix-lock]   ...
# [native-posix-lock] \# Subtest: owned native substitute
# [native-posix-lock] ok 5 - owned native substitute
# [native-posix-lock]   ---
# [native-posix-lock]   duration_ms: 0.215208
# [native-posix-lock]   type: 'test'
# [native-posix-lock]   ...
# [native-posix-lock] 1..5
# [native-posix-lock] \# tests 5
# [native-posix-lock] \# suites 0
# [native-posix-lock] \# pass 5
# [native-posix-lock] \# fail 0
# [native-posix-lock] \# cancelled 0
# [native-posix-lock] \# skipped 0
# [native-posix-lock] \# todo 0
# [native-posix-lock] \# duration_ms 137.42225
# [native-posix-timestamps] TAP version 13
# [native-posix-timestamps] \# Subtest: owned native substitute
# [native-posix-timestamps] ok 1 - owned native substitute
# [native-posix-timestamps]   ---
# [native-posix-timestamps]   duration_ms: 0.23025
# [native-posix-timestamps]   type: 'test'
# [native-posix-timestamps]   ...
# [native-posix-timestamps] 1..1
# [native-posix-timestamps] \# tests 1
# [native-posix-timestamps] \# suites 0
# [native-posix-timestamps] \# pass 1
# [native-posix-timestamps] \# fail 0
# [native-posix-timestamps] \# cancelled 0
# [native-posix-timestamps] \# skipped 0
# [native-posix-timestamps] \# todo 0
# [native-posix-timestamps] \# duration_ms 28.518584
# Local deep checks passed; 5 suites. Receipts: /var/folders/wt/nn4g5swd3gd139y9r6yw6x_80000gn/T/local-consumer-graph-TnfrO7/.git/local-checks
# [local-build]
# [local-build] > build:check
# [local-build] > node -e "process.exit(0)"
# [local-build]
# [native-posix-lock] TAP version 13
# [native-posix-lock] \# Subtest: owned native substitute
# [native-posix-lock] ok 1 - owned native substitute
# [native-posix-lock]   ---
# [native-posix-lock]   duration_ms: 0.225916
# [native-posix-lock]   type: 'test'
# [native-posix-lock]   ...
# [native-posix-lock] \# Subtest: owned native substitute
# [native-posix-lock] ok 2 - owned native substitute
# [native-posix-lock]   ---
# [native-posix-lock]   duration_ms: 0.218834
# [native-posix-lock]   type: 'test'
# [native-posix-lock]   ...
# [native-posix-lock] \# Subtest: owned native substitute
# [native-posix-lock] ok 3 - owned native substitute
# [native-posix-lock]   ---
# [native-posix-lock]   duration_ms: 0.233833
# [native-posix-lock]   type: 'test'
# [native-posix-lock]   ...
# [native-posix-lock] \# Subtest: owned native substitute
# [native-posix-lock] ok 4 - owned native substitute
# [native-posix-lock]   ---
# [native-posix-lock]   duration_ms: 0.210542
# [native-posix-lock]   type: 'test'
# [native-posix-lock]   ...
# [native-posix-lock] \# Subtest: owned native substitute
# [native-posix-lock] ok 5 - owned native substitute
# [native-posix-lock]   ---
# [native-posix-lock]   duration_ms: 0.201
# [native-posix-lock]   type: 'test'
# [native-posix-lock]   ...
# [native-posix-lock] 1..5
# [native-posix-lock] \# tests 5
# [native-posix-lock] \# suites 0
# [native-posix-lock] \# pass 5
# [native-posix-lock] \# fail 0
# [native-posix-lock] \# cancelled 0
# [native-posix-lock] \# skipped 0
# [native-posix-lock] \# todo 0
# [native-posix-lock] \# duration_ms 133.206708
# [native-posix-timestamps] TAP version 13
# [native-posix-timestamps] \# Subtest: owned native substitute
# [native-posix-timestamps] ok 1 - owned native substitute
# [native-posix-timestamps]   ---
# [native-posix-timestamps]   duration_ms: 0.227875
# [native-posix-timestamps]   type: 'test'
# [native-posix-timestamps]   ...
# [native-posix-timestamps] 1..1
# [native-posix-timestamps] \# tests 1
# [native-posix-timestamps] \# suites 0
# [native-posix-timestamps] \# pass 1
# [native-posix-timestamps] \# fail 0
# [native-posix-timestamps] \# cancelled 0
# [native-posix-timestamps] \# skipped 0
# [native-posix-timestamps] \# todo 0
# [native-posix-timestamps] \# duration_ms 27.44775
# Local deep checks passed; 5 suites. Receipts: /var/folders/wt/nn4g5swd3gd139y9r6yw6x_80000gn/T/local-consumer-graph-TnfrO7/.git/local-checks
# Subtest: P03 actual snapshot discovery detects new consumers before cache reuse
ok 4 - P03 actual snapshot discovery detects new consumers before cache reuse
  ---
  duration_ms: 987.175125
  type: 'test'
  ...
# [local-build]
# [local-build] > build:check
# [local-build] > node -e "process.exit(0)"
# [local-build]
# [synthetic-broad]
# [synthetic-broad]
# [synthetic-broad]   \\t
# [synthetic-broad] part[synthetic-broad]
# [synthetic-broad]
# [synthetic-broad] err
# ial
# [synthetic-broad] last
#  tail
# [native-posix-lock] TAP version 13
# [native-posix-lock] \# Subtest: owned native substitute
# [native-posix-lock] ok 1 - owned native substitute
# [native-posix-lock]   ---
# [native-posix-lock]   duration_ms: 0.231709
# [native-posix-lock]   type: 'test'
# [native-posix-lock]   ...
# [native-posix-lock] \# Subtest: owned native substitute
# [native-posix-lock] ok 2 - owned native substitute
# [native-posix-lock]   ---
# [native-posix-lock]   duration_ms: 0.230708
# [native-posix-lock]   type: 'test'
# [native-posix-lock]   ...
# [native-posix-lock] \# Subtest: owned native substitute
# [native-posix-lock] ok 3 - owned native substitute
# [native-posix-lock]   ---
# [native-posix-lock]   duration_ms: 0.223958
# [native-posix-lock]   type: 'test'
# [native-posix-lock]   ...
# [native-posix-lock] \# Subtest: owned native substitute
# [native-posix-lock] ok 4 - owned native substitute
# [native-posix-lock]   ---
# [native-posix-lock]   duration_ms: 0.219625
# [native-posix-lock]   type: 'test'
# [native-posix-lock]   ...
# [native-posix-lock] \# Subtest: owned native substitute
# [native-posix-lock] ok 5 - owned native substitute
# [native-posix-lock]   ---
# [native-posix-lock]   duration_ms: 0.263959
# [native-posix-lock]   type: 'test'
# [native-posix-lock]   ...
# [native-posix-lock] 1..5
# [native-posix-lock] \# tests 5
# [native-posix-lock] \# suites 0
# [native-posix-lock] \# pass 5
# [native-posix-lock] \# fail 0
# [native-posix-lock] \# cancelled 0
# [native-posix-lock] \# skipped 0
# [native-posix-lock] \# todo 0
# [native-posix-lock] \# duration_ms 138.76675
# [native-posix-timestamps] TAP version 13
# [native-posix-timestamps] \# Subtest: owned native substitute
# [native-posix-timestamps] ok 1 - owned native substitute
# [native-posix-timestamps]   ---
# [native-posix-timestamps]   duration_ms: 0.239917
# [native-posix-timestamps]   type: 'test'
# [native-posix-timestamps]   ...
# [native-posix-timestamps] 1..1
# [native-posix-timestamps] \# tests 1
# [native-posix-timestamps] \# suites 0
# [native-posix-timestamps] \# pass 1
# [native-posix-timestamps] \# fail 0
# [native-posix-timestamps] \# cancelled 0
# [native-posix-timestamps] \# skipped 0
# [native-posix-timestamps] \# todo 0
# [native-posix-timestamps] \# duration_ms 29.97925
# Local deep checks passed; 5 suites. Receipts: /var/folders/wt/nn4g5swd3gd139y9r6yw6x_80000gn/T/local-consumer-graph-I8Wvp9/.git/local-checks
# Reusing portable local validation for 484e9ddaba9c; native obligations run freshly.
# [native-posix-lock] TAP version 13
# [native-posix-lock] \# Subtest: owned native substitute
# [native-posix-lock] ok 1 - owned native substitute
# [native-posix-lock]   ---
# [native-posix-lock]   duration_ms: 0.227667
# [native-posix-lock]   type: 'test'
# [native-posix-lock]   ...
# [native-posix-lock] \# Subtest: owned native substitute
# [native-posix-lock] ok 2 - owned native substitute
# [native-posix-lock]   ---
# [native-posix-lock]   duration_ms: 0.225375
# [native-posix-lock]   type: 'test'
# [native-posix-lock]   ...
# [native-posix-lock] \# Subtest: owned native substitute
# [native-posix-lock] ok 3 - owned native substitute
# [native-posix-lock]   ---
# [native-posix-lock]   duration_ms: 0.221584
# [native-posix-lock]   type: 'test'
# [native-posix-lock]   ...
# [native-posix-lock] \# Subtest: owned native substitute
# [native-posix-lock] ok 4 - owned native substitute
# [native-posix-lock]   ---
# [native-posix-lock]   duration_ms: 0.2215
# [native-posix-lock]   type: 'test'
# [native-posix-lock]   ...
# [native-posix-lock] \# Subtest: owned native substitute
# [native-posix-lock] ok 5 - owned native substitute
# [native-posix-lock]   ---
# [native-posix-lock]   duration_ms: 0.230333
# [native-posix-lock]   type: 'test'
# [native-posix-lock]   ...
# [native-posix-lock] 1..5
# [native-posix-lock] \# tests 5
# [native-posix-lock] \# suites 0
# [native-posix-lock] \# pass 5
# [native-posix-lock] \# fail 0
# [native-posix-lock] \# cancelled 0
# [native-posix-lock] \# skipped 0
# [native-posix-lock] \# todo 0
# [native-posix-lock] \# duration_ms 135.917375
# [native-posix-timestamps] TAP version 13
# [native-posix-timestamps] \# Subtest: owned native substitute
# [native-posix-timestamps] ok 1 - owned native substitute
# [native-posix-timestamps]   ---
# [native-posix-timestamps]   duration_ms: 0.240958
# [native-posix-timestamps]   type: 'test'
# [native-posix-timestamps]   ...
# [native-posix-timestamps] 1..1
# [native-posix-timestamps] \# tests 1
# [native-posix-timestamps] \# suites 0
# [native-posix-timestamps] \# pass 1
# [native-posix-timestamps] \# fail 0
# [native-posix-timestamps] \# cancelled 0
# [native-posix-timestamps] \# skipped 0
# [native-posix-timestamps] \# todo 0
# [native-posix-timestamps] \# duration_ms 31.566167
# Local push checks passed; 5 suites. Receipts: /var/folders/wt/nn4g5swd3gd139y9r6yw6x_80000gn/T/local-consumer-graph-I8Wvp9/.git/local-checks
# Reusing portable local validation for 484e9ddaba9c; native obligations run freshly.
# [native-posix-lock] TAP version 13
# [native-posix-lock] \# Subtest: owned native substitute
# [native-posix-lock] ok 1 - owned native substitute
# [native-posix-lock]   ---
# [native-posix-lock]   duration_ms: 0.226125
# [native-posix-lock]   type: 'test'
# [native-posix-lock]   ...
# [native-posix-lock] \# Subtest: owned native substitute
# [native-posix-lock] ok 2 - owned native substitute
# [native-posix-lock]   ---
# [native-posix-lock]   duration_ms: 0.239292
# [native-posix-lock]   type: 'test'
# [native-posix-lock]   ...
# [native-posix-lock] \# Subtest: owned native substitute
# [native-posix-lock] ok 3 - owned native substitute
# [native-posix-lock]   ---
# [native-posix-lock]   duration_ms: 0.2345
# [native-posix-lock]   type: 'test'
# [native-posix-lock]   ...
# [native-posix-lock] \# Subtest: owned native substitute
# [native-posix-lock] ok 4 - owned native substitute
# [native-posix-lock]   ---
# [native-posix-lock]   duration_ms: 0.236708
# [native-posix-lock]   type: 'test'
# [native-posix-lock]   ...
# [native-posix-lock] \# Subtest: owned native substitute
# [native-posix-lock] ok 5 - owned native substitute
# [native-posix-lock]   ---
# [native-posix-lock]   duration_ms: 0.221042
# [native-posix-lock]   type: 'test'
# [native-posix-lock]   ...
# [native-posix-lock] 1..5
# [native-posix-lock] \# tests 5
# [native-posix-lock] \# suites 0
# [native-posix-lock] \# pass 5
# [native-posix-lock] \# fail 0
# [native-posix-lock] \# cancelled 0
# [native-posix-lock] \# skipped 0
# [native-posix-lock] \# todo 0
# [native-posix-lock] \# duration_ms 138.659
# [native-posix-timestamps] TAP version 13
# [native-posix-timestamps] \# Subtest: owned native substitute
# [native-posix-timestamps] not ok 1 - owned native substitute
# [native-posix-timestamps]   ---
# [native-posix-timestamps]   duration_ms: 0.238875
# [native-posix-timestamps]   type: 'test'
# [native-posix-timestamps]   location: '/private/var/folders/wt/nn4g5swd3gd139y9r6yw6x_80000gn/T/job-apply-local-checks-EaJY6q/checkout/tests_js/posix_timestamps.test.mjs:2:1'
# [native-posix-timestamps]   failureType: 'testCodeFailure'
# [native-posix-timestamps]   error: 'fresh native failed'
# [native-posix-timestamps]   code: 'ERR_TEST_FAILURE'
# [native-posix-timestamps]   stack: |-
# [native-posix-timestamps]     TestContext.<anonymous> (file:///private/var/folders/wt/nn4g5swd3gd139y9r6yw6x_80000gn/T/job-apply-local-checks-EaJY6q/checkout/tests_js/posix_timestamps.test.mjs:2:160)
# [native-posix-timestamps]     Test.runInAsyncScope (node:async_hooks:214:14)
# [native-posix-timestamps]     Test.run (node:internal/test_runner/test:1047:25)
# [native-posix-timestamps]     Test.start (node:internal/test_runner/test:944:17)
# [native-posix-timestamps]     startSubtestAfterBootstrap (node:internal/test_runner/harness:296:17)
# [native-posix-timestamps]   ...
# [native-posix-timestamps] 1..1
# [native-posix-timestamps] \# tests 1
# [native-posix-timestamps] \# suites 0
# [native-posix-timestamps] \# pass 0
# [native-posix-timestamps] \# fail 1
# [native-posix-timestamps] \# cancelled 0
# [native-posix-timestamps] \# skipped 0
# [native-posix-timestamps] \# todo 0
# [native-posix-timestamps] \# duration_ms 28.285625
# [local-build]
# [local-build] > build:check
# [local-build] > node -e "process.exit(0)"
# [local-build]
# [local-dependent-unit] TAP version 13
# [local-dependent-unit] \# Subtest: direct behavior
# [local-dependent-unit] not ok 1 - direct behavior
# [local-dependent-unit]   ---
# [local-dependent-unit]   duration_ms: 0.214292
# [local-dependent-unit]   type: 'test'
# [local-dependent-unit]   location: '/private/var/folders/wt/nn4g5swd3gd139y9r6yw6x_80000gn/T/job-apply-local-checks-fqldkU/checkout/tests_js/direct.test.mjs:3:1'
# [local-dependent-unit]   failureType: 'testCodeFailure'
# [local-dependent-unit]   error: 'mutant'
# [local-dependent-unit]   code: 'ERR_TEST_FAILURE'
# [local-dependent-unit]   stack: |-
# [local-dependent-unit]     TestContext.<anonymous> (file:///private/var/folders/wt/nn4g5swd3gd139y9r6yw6x_80000gn/T/job-apply-local-checks-fqldkU/checkout/tests_js/direct.test.mjs:3:56)
# [local-dependent-unit]     Test.runInAsyncScope (node:async_hooks:214:14)
# [local-dependent-unit]     Test.run (node:internal/test_runner/test:1047:25)
# [local-dependent-unit]     Test.start (node:internal/test_runner/test:944:17)
# [local-dependent-unit]     startSubtestAfterBootstrap (node:internal/test_runner/harness:296:17)
# [local-dependent-unit]   ...
# [local-dependent-unit] 1..1
# [local-dependent-unit] \# tests 1
# [local-dependent-unit] \# suites 0
# [local-dependent-unit] \# pass 0
# [local-dependent-unit] \# fail 1
# [local-dependent-unit] \# cancelled 0
# [local-dependent-unit] \# skipped 0
# [local-dependent-unit] \# todo 0
# [local-dependent-unit] \# duration_ms 28.041458
# [local-dependent-integration] TAP version 13
# [local-dependent-integration] \# Subtest: child behavior
# [local-dependent-integration] not ok 1 - child behavior
# [local-dependent-integration]   ---
# [local-dependent-integration]   duration_ms: 50.052209
# [local-dependent-integration]   type: 'test'
# [local-dependent-integration]   location: '/private/var/folders/wt/nn4g5swd3gd139y9r6yw6x_80000gn/T/job-apply-local-checks-fqldkU/checkout/tests_js/child.test.mjs:3:1'
# [local-dependent-integration]   failureType: 'testCodeFailure'
# [local-dependent-integration]   error: 'child failed'
# [local-dependent-integration]   code: 'ERR_TEST_FAILURE'
# [local-dependent-integration]   stack: |-
# [local-dependent-integration]     TestContext.<anonymous> (file:///private/var/folders/wt/nn4g5swd3gd139y9r6yw6x_80000gn/T/job-apply-local-checks-fqldkU/checkout/tests_js/child.test.mjs:3:218)
# [local-dependent-integration]     Test.runInAsyncScope (node:async_hooks:214:14)
# [local-dependent-integration]     Test.run (node:internal/test_runner/test:1047:25)
# [local-dependent-integration]     Test.start (node:internal/test_runner/test:944:17)
# [local-dependent-integration]     startSubtestAfterBootstrap (node:internal/test_runner/harness:296:17)
# [local-dependent-integration]   ...
# [local-dependent-integration] 1..1
# [local-dependent-integration] \# tests 1
# [local-dependent-integration] \# suites 0
# [local-dependent-integration] \# pass 0
# [local-dependent-integration] \# fail 1
# [local-dependent-integration] \# cancelled 0
# [local-dependent-integration] \# skipped 0
# [local-dependent-integration] \# todo 0
# [local-dependent-integration] \# duration_ms 80.105042
# [native-posix-lock] TAP version 13
# [native-posix-lock] \# Subtest: owned native substitute
# [native-posix-lock] ok 1 - owned native substitute
# [native-posix-lock]   ---
# [native-posix-lock]   duration_ms: 0.197542
# [native-posix-lock]   type: 'test'
# [native-posix-lock]   ...
# [native-posix-lock] \# Subtest: owned native substitute
# [native-posix-lock] ok 2 - owned native substitute
# [native-posix-lock]   ---
# [native-posix-lock]   duration_ms: 0.227958
# [native-posix-lock]   type: 'test'
# [native-posix-lock]   ...
# [native-posix-lock] \# Subtest: owned native substitute
# [native-posix-lock] ok 3 - owned native substitute
# [native-posix-lock]   ---
# [native-posix-lock]   duration_ms: 0.217583
# [native-posix-lock]   type: 'test'
# [native-posix-lock]   ...
# [native-posix-lock] \# Subtest: owned native substitute
# [native-posix-lock] ok 4 - owned native substitute
# [native-posix-lock]   ---
# [native-posix-lock]   duration_ms: 0.223625
# [native-posix-lock]   type: 'test'
# [native-posix-lock]   ...
# [native-posix-lock] \# Subtest: owned native substitute
# [native-posix-lock] ok 5 - owned native substitute
# [native-posix-lock]   ---
# [native-posix-lock]   duration_ms: 0.219542
# [native-posix-lock]   type: 'test'
# [native-posix-lock]   ...
# [native-posix-lock] 1..5
# [native-posix-lock] \# tests 5
# [native-posix-lock] \# suites 0
# [native-posix-lock] \# pass 5
# [native-posix-lock] \# fail 0
# [native-posix-lock] \# cancelled 0
# [native-posix-lock] \# skipped 0
# [native-posix-lock] \# todo 0
# [native-posix-lock] \# duration_ms 131.283334
# [native-posix-timestamps] TAP version 13
# [native-posix-timestamps] \# Subtest: owned native substitute
# [native-posix-timestamps] ok 1 - owned native substitute
# [native-posix-timestamps]   ---
# [native-posix-timestamps]   duration_ms: 0.234959
# [native-posix-timestamps]   type: 'test'
# [native-posix-timestamps]   ...
# [native-posix-timestamps] 1..1
# [native-posix-timestamps] \# tests 1
# [native-posix-timestamps] \# suites 0
# [native-posix-timestamps] \# pass 1
# [native-posix-timestamps] \# fail 0
# [native-posix-timestamps] \# cancelled 0
# [native-posix-timestamps] \# skipped 0
# [native-posix-timestamps] \# todo 0
# [native-posix-timestamps] \# duration_ms 28.876708
# Subtest: P03 actual selected consumer failures skips and missing results cannot satisfy cached acceptance
ok 5 - P03 actual selected consumer failures skips and missing results cannot satisfy cached acceptance
  ---
  duration_ms: 1881.412666
  type: 'test'
  ...
# [local-build]
# [local-build] > build:check
# [local-build] > node -e "process.exit(0)"
# [local-build]
# [native-posix-lock] TAP version 13
# [native-posix-lock] \# Subtest: owned native substitute
# [native-posix-lock] ok 1 - owned native substitute
# [native-posix-lock]   ---
# [native-posix-lock]   duration_ms: 0.215417
# [native-posix-lock]   type: 'test'
# [native-posix-lock]   ...
# [native-posix-lock] \# Subtest: owned native substitute
# [native-posix-lock] ok 2 - owned native substitute
# [native-posix-lock]   ---
# [native-posix-lock]   duration_ms: 0.228417
# [native-posix-lock]   type: 'test'
# [native-posix-lock]   ...
# [native-posix-lock] \# Subtest: owned native substitute
# [native-posix-lock] ok 3 - owned native substitute
# [native-posix-lock]   ---
# [native-posix-lock]   duration_ms: 0.207083
# [native-posix-lock]   type: 'test'
# [native-posix-lock]   ...
# [native-posix-lock] \# Subtest: owned native substitute
# [native-posix-lock] ok 4 - owned native substitute
# [native-posix-lock]   ---
# [native-posix-lock]   duration_ms: 0.209792
# [native-posix-lock]   type: 'test'
# [native-posix-lock]   ...
# [native-posix-lock] \# Subtest: owned native substitute
# [native-posix-lock] ok 5 - owned native substitute
# [native-posix-lock]   ---
# [native-posix-lock]   duration_ms: 0.238042
# [native-posix-lock]   type: 'test'
# [native-posix-lock]   ...
# [native-posix-lock] 1..5
# [native-posix-lock] \# tests 5
# [native-posix-lock] \# suites 0
# [native-posix-lock] \# pass 5
# [native-posix-lock] \# fail 0
# [native-posix-lock] \# cancelled 0
# [native-posix-lock] \# skipped 0
# [native-posix-lock] \# todo 0
# [native-posix-lock] \# duration_ms 128.636542
# [native-posix-timestamps] TAP version 13
# [native-posix-timestamps] \# Subtest: owned native substitute
# [native-posix-timestamps] ok 1 - owned native substitute
# [native-posix-timestamps]   ---
# [native-posix-timestamps]   duration_ms: 0.234541
# [native-posix-timestamps]   type: 'test'
# [native-posix-timestamps]   ...
# [native-posix-timestamps] 1..1
# [native-posix-timestamps] \# tests 1
# [native-posix-timestamps] \# suites 0
# [native-posix-timestamps] \# pass 1
# [native-posix-timestamps] \# fail 0
# [native-posix-timestamps] \# cancelled 0
# [native-posix-timestamps] \# skipped 0
# [native-posix-timestamps] \# todo 0
# [native-posix-timestamps] \# duration_ms 27.412166
# Local deep checks passed; 5 suites. Receipts: /var/folders/wt/nn4g5swd3gd139y9r6yw6x_80000gn/T/local-consumer-graph-YLheA5/.git/local-checks
# [local-build]
# [local-build] > build:check
# [local-build] > node -e "process.exit(0)"
# [local-build]
# [native-posix-lock] TAP version 13
# [native-posix-lock] \# Subtest: owned native substitute
# [native-posix-lock] ok 1 - owned native substitute
# [native-posix-lock]   ---
# [native-posix-lock]   duration_ms: 0.2065
# [native-posix-lock]   type: 'test'
# [native-posix-lock]   ...
# [native-posix-lock] \# Subtest: owned native substitute
# [native-posix-lock] ok 2 - owned native substitute
# [native-posix-lock]   ---
# [native-posix-lock]   duration_ms: 0.209458
# [native-posix-lock]   type: 'test'
# [native-posix-lock]   ...
# [native-posix-lock] \# Subtest: owned native substitute
# [native-posix-lock] ok 3 - owned native substitute
# [native-posix-lock]   ---
# [native-posix-lock]   duration_ms: 0.213333
# [native-posix-lock]   type: 'test'
# [native-posix-lock]   ...
# [native-posix-lock] \# Subtest: owned native substitute
# [native-posix-lock] ok 4 - owned native substitute
# [native-posix-lock]   ---
# [native-posix-lock]   duration_ms: 0.211917
# [native-posix-lock]   type: 'test'
# [native-posix-lock]   ...
# [native-posix-lock] \# Subtest: owned native substitute
# [native-posix-lock] ok 5 - owned native substitute
# [native-posix-lock]   ---
# [native-posix-lock]   duration_ms: 0.211875
# [native-posix-lock]   type: 'test'
# [native-posix-lock]   ...
# [native-posix-lock] 1..5
# [native-posix-lock] \# tests 5
# [native-posix-lock] \# suites 0
# [native-posix-lock] \# pass 5
# [native-posix-lock] \# fail 0
# [native-posix-lock] \# cancelled 0
# [native-posix-lock] \# skipped 0
# [native-posix-lock] \# todo 0
# [native-posix-lock] \# duration_ms 126.016583
# [native-posix-timestamps] TAP version 13
# [native-posix-timestamps] \# Subtest: owned native substitute
# [native-posix-timestamps] ok 1 - owned native substitute
# [native-posix-timestamps]   ---
# [native-posix-timestamps]   duration_ms: 0.254792
# [native-posix-timestamps]   type: 'test'
# [native-posix-timestamps]   ...
# [native-posix-timestamps] 1..1
# [native-posix-timestamps] \# tests 1
# [native-posix-timestamps] \# suites 0
# [native-posix-timestamps] \# pass 1
# [native-posix-timestamps] \# fail 0
# [native-posix-timestamps] \# cancelled 0
# [native-posix-timestamps] \# skipped 0
# [native-posix-timestamps] \# todo 0
# [native-posix-timestamps] \# duration_ms 29.53675
# Local deep checks passed; 5 suites. Receipts: /var/folders/wt/nn4g5swd3gd139y9r6yw6x_80000gn/T/local-consumer-graph-YLheA5/.git/local-checks
# Subtest: P03 actual dirty owner and merge snapshots bind the exact tested dependency graph
ok 6 - P03 actual dirty owner and merge snapshots bind the exact tested dependency graph
  ---
  duration_ms: 923.949542
  type: 'test'
  ...
1..6
# tests 6
# suites 0
# pass 6
# fail 0
# cancelled 0
# skipped 0
# todo 0
# duration_ms 5638.477917
