TAP version 13
# Subtest: push broad selection refuses before running commands and cleans its snapshot
ok 1 - push broad selection refuses before running commands and cleans its snapshot
  ---
  duration_ms: 205.8105
  type: 'test'
  ...
# [local-build]
# [local-build] > build:check
# [local-build] > node -e "process.exit(0)"
# [local-build]
# [native-posix-lock] TAP version 13
# [native-posix-lock] \# Subtest: owned native substitute
# [native-posix-lock] ok 1 - owned native substitute
# [native-posix-lock]   ---
# [native-posix-lock]   duration_ms: 0.223083
# [native-posix-lock]   type: 'test'
# [native-posix-lock]   ...
# [native-posix-lock] \# Subtest: owned native substitute
# [native-posix-lock] ok 2 - owned native substitute
# [native-posix-lock]   ---
# [native-posix-lock]   duration_ms: 0.2545
# [native-posix-lock]   type: 'test'
# [native-posix-lock]   ...
# [native-posix-lock] \# Subtest: owned native substitute
# [native-posix-lock] ok 3 - owned native substitute
# [native-posix-lock]   ---
# [native-posix-lock]   duration_ms: 0.2225
# [native-posix-lock]   type: 'test'
# [native-posix-lock]   ...
# [native-posix-lock] \# Subtest: owned native substitute
# [native-posix-lock] ok 4 - owned native substitute
# [native-posix-lock]   ---
# [native-posix-lock]   duration_ms: 0.226208
# [native-posix-lock]   type: 'test'
# [native-posix-lock]   ...
# [native-posix-lock] \# Subtest: owned native substitute
# [native-posix-lock] ok 5 - owned native substitute
# [native-posix-lock]   ---
# [native-posix-lock]   duration_ms: 0.235833
# [native-posix-lock]   type: 'test'
# [native-posix-lock]   ...
# [native-posix-lock] 1..5
# [native-posix-lock] \# tests 5
# [native-posix-lock] \# suites 0
# [native-posix-lock] \# pass 5
# [native-posix-lock] \# fail 0
# [native-posix-lock] \# cancelled 0
# [native-posix-lock] \# skipped 0
# [native-posix-lock] \# todo 0
# [native-posix-lock] \# duration_ms 143.341833
# [native-posix-timestamps] TAP version 13
# [native-posix-timestamps] \# Subtest: owned native substitute
# [native-posix-timestamps] ok 1 - owned native substitute
# [native-posix-timestamps]   ---
# [native-posix-timestamps]   duration_ms: 0.254959
# [native-posix-timestamps]   type: 'test'
# [native-posix-timestamps]   ...
# [native-posix-timestamps] 1..1
# [native-posix-timestamps] \# tests 1
# [native-posix-timestamps] \# suites 0
# [native-posix-timestamps] \# pass 1
# [native-posix-timestamps] \# fail 0
# [native-posix-timestamps] \# cancelled 0
# [native-posix-timestamps] \# skipped 0
# [native-posix-timestamps] \# todo 0
# [native-posix-timestamps] \# duration_ms 33.270542
# Local deep checks passed; 5 suites. Receipts: /var/folders/wt/nn4g5swd3gd139y9r6yw6x_80000gn/T/local-consumer-graph-I5K7iZ/.git/local-checks
# Reusing portable local validation for 458bb1760ef9; native obligations run freshly.
# [native-posix-lock] TAP version 13
# [native-posix-lock] \# Subtest: owned native substitute
# [native-posix-lock] ok 1 - owned native substitute
# [native-posix-lock]   ---
# [native-posix-lock]   duration_ms: 0.227625
# [native-posix-lock]   type: 'test'
# [native-posix-lock]   ...
# [native-posix-lock] \# Subtest: owned native substitute
# [native-posix-lock] ok 2 - owned native substitute
# [native-posix-lock]   ---
# [native-posix-lock]   duration_ms: 0.255791
# [native-posix-lock]   type: 'test'
# [native-posix-lock]   ...
# [native-posix-lock] \# Subtest: owned native substitute
# [native-posix-lock] ok 3 - owned native substitute
# [native-posix-lock]   ---
# [native-posix-lock]   duration_ms: 0.24225
# [native-posix-lock]   type: 'test'
# [native-posix-lock]   ...
# [native-posix-lock] \# Subtest: owned native substitute
# [native-posix-lock] ok 4 - owned native substitute
# [native-posix-lock]   ---
# [native-posix-lock]   duration_ms: 0.23275
# [native-posix-lock]   type: 'test'
# [native-posix-lock]   ...
# [native-posix-lock] \# Subtest: owned native substitute
# [native-posix-lock] ok 5 - owned native substitute
# [native-posix-lock]   ---
# [native-posix-lock]   duration_ms: 0.230042
# [native-posix-lock]   type: 'test'
# [native-posix-lock]   ...
# [native-posix-lock] 1..5
# [native-posix-lock] \# tests 5
# [native-posix-lock] \# suites 0
# [native-posix-lock] \# pass 5
# [native-posix-lock] \# fail 0
# [native-posix-lock] \# cancelled 0
# [native-posix-lock] \# skipped 0
# [native-posix-lock] \# todo 0
# [native-posix-lock] \# duration_ms 144.805417
# [native-posix-timestamps] TAP version 13
# [native-posix-timestamps] \# Subtest: owned native substitute
# [native-posix-timestamps] ok 1 - owned native substitute
# [native-posix-timestamps]   ---
# [native-posix-timestamps]   duration_ms: 0.256667
# [native-posix-timestamps]   type: 'test'
# [native-posix-timestamps]   ...
# [native-posix-timestamps] 1..1
# [native-posix-timestamps] \# tests 1
# [native-posix-timestamps] \# suites 0
# [native-posix-timestamps] \# pass 1
# [native-posix-timestamps] \# fail 0
# [native-posix-timestamps] \# cancelled 0
# [native-posix-timestamps] \# skipped 0
# [native-posix-timestamps] \# todo 0
# [native-posix-timestamps] \# duration_ms 31.353084
# Local push checks passed; 5 suites. Receipts: /var/folders/wt/nn4g5swd3gd139y9r6yw6x_80000gn/T/local-consumer-graph-I5K7iZ/.git/local-checks
# Subtest: deep receipt is reusable only for the same target and base
ok 2 - deep receipt is reusable only for the same target and base
  ---
  duration_ms: 1029.439708
  type: 'test'
  ...
# [local-build]
# [local-build] > build:check
# [local-build] > node -e "process.exit(0)"
# [local-build]
# [native-posix-lock] TAP version 13
# [native-posix-lock] \# Subtest: owned native substitute
# [native-posix-lock] ok 1 - owned native substitute
# [native-posix-lock]   ---
# [native-posix-lock]   duration_ms: 0.233833
# [native-posix-lock]   type: 'test'
# [native-posix-lock]   ...
# [native-posix-lock] \# Subtest: owned native substitute
# [native-posix-lock] ok 2 - owned native substitute
# [native-posix-lock]   ---
# [native-posix-lock]   duration_ms: 0.222375
# [native-posix-lock]   type: 'test'
# [native-posix-lock]   ...
# [native-posix-lock] \# Subtest: owned native substitute
# [native-posix-lock] ok 3 - owned native substitute
# [native-posix-lock]   ---
# [native-posix-lock]   duration_ms: 0.237292
# [native-posix-lock]   type: 'test'
# [native-posix-lock]   ...
# [native-posix-lock] \# Subtest: owned native substitute
# [native-posix-lock] ok 4 - owned native substitute
# [native-posix-lock]   ---
# [native-posix-lock]   duration_ms: 0.23925
# [native-posix-lock]   type: 'test'
# [native-posix-lock]   ...
# [native-posix-lock] \# Subtest: owned native substitute
# [native-posix-lock] ok 5 - owned native substitute
# [native-posix-lock]   ---
# [native-posix-lock]   duration_ms: 0.225
# [native-posix-lock]   type: 'test'
# [native-posix-lock]   ...
# [native-posix-lock] 1..5
# [native-posix-lock] \# tests 5
# [native-posix-lock] \# suites 0
# [native-posix-lock] \# pass 5
# [native-posix-lock] \# fail 0
# [native-posix-lock] \# cancelled 0
# [native-posix-lock] \# skipped 0
# [native-posix-lock] \# todo 0
# [native-posix-lock] \# duration_ms 142.751917
# [native-posix-timestamps] TAP version 13
# [native-posix-timestamps] \# Subtest: owned native substitute
# [native-posix-timestamps] ok 1 - owned native substitute
# [native-posix-timestamps]   ---
# [native-posix-timestamps]   duration_ms: 0.261417
# [native-posix-timestamps]   type: 'test'
# [native-posix-timestamps]   ...
# [native-posix-timestamps] 1..1
# [native-posix-timestamps] \# tests 1
# [native-posix-timestamps] \# suites 0
# [native-posix-timestamps] \# pass 1
# [native-posix-timestamps] \# fail 0
# [native-posix-timestamps] \# cancelled 0
# [native-posix-timestamps] \# skipped 0
# [native-posix-timestamps] \# todo 0
# [native-posix-timestamps] \# duration_ms 31.3295
# Subtest: failed deep result is preserved but never reused by push
ok 3 - failed deep result is preserved but never reused by push
  ---
  duration_ms: 571.871708
  type: 'test'
  ...
# [local-build]
# [local-build] > build:check
# [local-build] > node -e "process.exit(0)"
# [local-build]
# [native-posix-lock] TAP version 13
# [native-posix-lock] \# Subtest: owned native substitute
# [native-posix-lock] ok 1 - owned native substitute
# [native-posix-lock]   ---
# [native-posix-lock]   duration_ms: 0.250208
# [native-posix-lock]   type: 'test'
# [native-posix-lock]   ...
# [native-posix-lock] \# Subtest: owned native substitute
# [native-posix-lock] ok 2 - owned native substitute
# [native-posix-lock]   ---
# [native-posix-lock]   duration_ms: 0.220084
# [native-posix-lock]   type: 'test'
# [native-posix-lock]   ...
# [native-posix-lock] \# Subtest: owned native substitute
# [native-posix-lock] ok 3 - owned native substitute
# [native-posix-lock]   ---
# [native-posix-lock]   duration_ms: 0.218708
# [native-posix-lock]   type: 'test'
# [native-posix-lock]   ...
# [native-posix-lock] \# Subtest: owned native substitute
# [native-posix-lock] ok 4 - owned native substitute
# [native-posix-lock]   ---
# [native-posix-lock]   duration_ms: 0.229
# [native-posix-lock]   type: 'test'
# [native-posix-lock]   ...
# [native-posix-lock] \# Subtest: owned native substitute
# [native-posix-lock] ok 5 - owned native substitute
# [native-posix-lock]   ---
# [native-posix-lock]   duration_ms: 0.230666
# [native-posix-lock]   type: 'test'
# [native-posix-lock]   ...
# [native-posix-lock] 1..5
# [native-posix-lock] \# tests 5
# [native-posix-lock] \# suites 0
# [native-posix-lock] \# pass 5
# [native-posix-lock] \# fail 0
# [native-posix-lock] \# cancelled 0
# [native-posix-lock] \# skipped 0
# [native-posix-lock] \# todo 0
# [native-posix-lock] \# duration_ms 140.073958
# [native-posix-timestamps] TAP version 13
# [native-posix-timestamps] \# Subtest: owned native substitute
# [native-posix-timestamps] ok 1 - owned native substitute
# [native-posix-timestamps]   ---
# [native-posix-timestamps]   duration_ms: 0.245792
# [native-posix-timestamps]   type: 'test'
# [native-posix-timestamps]   ...
# [native-posix-timestamps] 1..1
# [native-posix-timestamps] \# tests 1
# [native-posix-timestamps] \# suites 0
# [native-posix-timestamps] \# pass 1
# [native-posix-timestamps] \# fail 0
# [native-posix-timestamps] \# cancelled 0
# [native-posix-timestamps] \# skipped 0
# [native-posix-timestamps] \# todo 0
# [native-posix-timestamps] \# duration_ms 31.338333
# Local deep checks passed; 5 suites. Receipts: /var/folders/wt/nn4g5swd3gd139y9r6yw6x_80000gn/T/local-consumer-graph-NAah4L/.git/local-checks
# [local-build]
# [local-build] > build:check
# [local-build] > node -e "process.exit(0)"
# [local-build]
# [native-posix-lock] TAP version 13
# [native-posix-lock] \# Subtest: owned native substitute
# [native-posix-lock] ok 1 - owned native substitute
# [native-posix-lock]   ---
# [native-posix-lock]   duration_ms: 0.223959
# [native-posix-lock]   type: 'test'
# [native-posix-lock]   ...
# [native-posix-lock] \# Subtest: owned native substitute
# [native-posix-lock] ok 2 - owned native substitute
# [native-posix-lock]   ---
# [native-posix-lock]   duration_ms: 0.226583
# [native-posix-lock]   type: 'test'
# [native-posix-lock]   ...
# [native-posix-lock] \# Subtest: owned native substitute
# [native-posix-lock] ok 3 - owned native substitute
# [native-posix-lock]   ---
# [native-posix-lock]   duration_ms: 0.222583
# [native-posix-lock]   type: 'test'
# [native-posix-lock]   ...
# [native-posix-lock] \# Subtest: owned native substitute
# [native-posix-lock] ok 4 - owned native substitute
# [native-posix-lock]   ---
# [native-posix-lock]   duration_ms: 0.237083
# [native-posix-lock]   type: 'test'
# [native-posix-lock]   ...
# [native-posix-lock] \# Subtest: owned native substitute
# [native-posix-lock] ok 5 - owned native substitute
# [native-posix-lock]   ---
# [native-posix-lock]   duration_ms: 0.234125
# [native-posix-lock]   type: 'test'
# [native-posix-lock]   ...
# [native-posix-lock] 1..5
# [native-posix-lock] \# tests 5
# [native-posix-lock] \# suites 0
# [native-posix-lock] \# pass 5
# [native-posix-lock] \# fail 0
# [native-posix-lock] \# cancelled 0
# [native-posix-lock] \# skipped 0
# [native-posix-lock] \# todo 0
# [native-posix-lock] \# duration_ms 142.310292
# [native-posix-timestamps] TAP version 13
# [native-posix-timestamps] \# Subtest: owned native substitute
# [native-posix-timestamps] ok 1 - owned native substitute
# [native-posix-timestamps]   ---
# [native-posix-timestamps]   duration_ms: 0.262042
# [native-posix-timestamps]   type: 'test'
# [native-posix-timestamps]   ...
# [native-posix-timestamps] 1..1
# [native-posix-timestamps] \# tests 1
# [native-posix-timestamps] \# suites 0
# [native-posix-timestamps] \# pass 1
# [native-posix-timestamps] \# fail 0
# [native-posix-timestamps] \# cancelled 0
# [native-posix-timestamps] \# skipped 0
# [native-posix-timestamps] \# todo 0
# [native-posix-timestamps] \# duration_ms 32.844542
# Local deep checks passed; 5 suites. Receipts: /var/folders/wt/nn4g5swd3gd139y9r6yw6x_80000gn/T/local-consumer-graph-NAah4L/.git/local-checks
# Subtest: P03 actual snapshot discovery detects new consumers before cache reuse
ok 4 - P03 actual snapshot discovery detects new consumers before cache reuse
  ---
  duration_ms: 1063.206666
  type: 'test'
  ...
# [local-build]
# [local-build] > build:check
# [local-build] > node -e "process.exit(0)"
# [local-build]
# [synthetic-broad]
# [synthetic-broad]
# [synthetic-broad]   \\t
# [synthetic-broad] part[synthetic-broad]
# [synthetic-broad]
# [synthetic-broad] err
# ial
# [synthetic-broad] last
#  tail
# [native-posix-lock] TAP version 13
# [native-posix-lock] \# Subtest: owned native substitute
# [native-posix-lock] ok 1 - owned native substitute
# [native-posix-lock]   ---
# [native-posix-lock]   duration_ms: 0.233042
# [native-posix-lock]   type: 'test'
# [native-posix-lock]   ...
# [native-posix-lock] \# Subtest: owned native substitute
# [native-posix-lock] ok 2 - owned native substitute
# [native-posix-lock]   ---
# [native-posix-lock]   duration_ms: 0.233542
# [native-posix-lock]   type: 'test'
# [native-posix-lock]   ...
# [native-posix-lock] \# Subtest: owned native substitute
# [native-posix-lock] ok 3 - owned native substitute
# [native-posix-lock]   ---
# [native-posix-lock]   duration_ms: 0.252167
# [native-posix-lock]   type: 'test'
# [native-posix-lock]   ...
# [native-posix-lock] \# Subtest: owned native substitute
# [native-posix-lock] ok 4 - owned native substitute
# [native-posix-lock]   ---
# [native-posix-lock]   duration_ms: 0.226042
# [native-posix-lock]   type: 'test'
# [native-posix-lock]   ...
# [native-posix-lock] \# Subtest: owned native substitute
# [native-posix-lock] ok 5 - owned native substitute
# [native-posix-lock]   ---
# [native-posix-lock]   duration_ms: 0.215416
# [native-posix-lock]   type: 'test'
# [native-posix-lock]   ...
# [native-posix-lock] 1..5
# [native-posix-lock] \# tests 5
# [native-posix-lock] \# suites 0
# [native-posix-lock] \# pass 5
# [native-posix-lock] \# fail 0
# [native-posix-lock] \# cancelled 0
# [native-posix-lock] \# skipped 0
# [native-posix-lock] \# todo 0
# [native-posix-lock] \# duration_ms 143.715833
# [native-posix-timestamps] TAP version 13
# [native-posix-timestamps] \# Subtest: owned native substitute
# [native-posix-timestamps] ok 1 - owned native substitute
# [native-posix-timestamps]   ---
# [native-posix-timestamps]   duration_ms: 0.262542
# [native-posix-timestamps]   type: 'test'
# [native-posix-timestamps]   ...
# [native-posix-timestamps] 1..1
# [native-posix-timestamps] \# tests 1
# [native-posix-timestamps] \# suites 0
# [native-posix-timestamps] \# pass 1
# [native-posix-timestamps] \# fail 0
# [native-posix-timestamps] \# cancelled 0
# [native-posix-timestamps] \# skipped 0
# [native-posix-timestamps] \# todo 0
# [native-posix-timestamps] \# duration_ms 30.651792
# Local deep checks passed; 5 suites. Receipts: /var/folders/wt/nn4g5swd3gd139y9r6yw6x_80000gn/T/local-consumer-graph-dfVFTL/.git/local-checks
# Reusing portable local validation for 6f02dc1ec274; native obligations run freshly.
# [native-posix-lock] TAP version 13
# [native-posix-lock] \# Subtest: owned native substitute
# [native-posix-lock] ok 1 - owned native substitute
# [native-posix-lock]   ---
# [native-posix-lock]   duration_ms: 0.231
# [native-posix-lock]   type: 'test'
# [native-posix-lock]   ...
# [native-posix-lock] \# Subtest: owned native substitute
# [native-posix-lock] ok 2 - owned native substitute
# [native-posix-lock]   ---
# [native-posix-lock]   duration_ms: 0.253459
# [native-posix-lock]   type: 'test'
# [native-posix-lock]   ...
# [native-posix-lock] \# Subtest: owned native substitute
# [native-posix-lock] ok 3 - owned native substitute
# [native-posix-lock]   ---
# [native-posix-lock]   duration_ms: 0.23325
# [native-posix-lock]   type: 'test'
# [native-posix-lock]   ...
# [native-posix-lock] \# Subtest: owned native substitute
# [native-posix-lock] ok 4 - owned native substitute
# [native-posix-lock]   ---
# [native-posix-lock]   duration_ms: 0.224209
# [native-posix-lock]   type: 'test'
# [native-posix-lock]   ...
# [native-posix-lock] \# Subtest: owned native substitute
# [native-posix-lock] ok 5 - owned native substitute
# [native-posix-lock]   ---
# [native-posix-lock]   duration_ms: 0.236
# [native-posix-lock]   type: 'test'
# [native-posix-lock]   ...
# [native-posix-lock] 1..5
# [native-posix-lock] \# tests 5
# [native-posix-lock] \# suites 0
# [native-posix-lock] \# pass 5
# [native-posix-lock] \# fail 0
# [native-posix-lock] \# cancelled 0
# [native-posix-lock] \# skipped 0
# [native-posix-lock] \# todo 0
# [native-posix-lock] \# duration_ms 146.796958
# [native-posix-timestamps] TAP version 13
# [native-posix-timestamps] \# Subtest: owned native substitute
# [native-posix-timestamps] ok 1 - owned native substitute
# [native-posix-timestamps]   ---
# [native-posix-timestamps]   duration_ms: 0.253791
# [native-posix-timestamps]   type: 'test'
# [native-posix-timestamps]   ...
# [native-posix-timestamps] 1..1
# [native-posix-timestamps] \# tests 1
# [native-posix-timestamps] \# suites 0
# [native-posix-timestamps] \# pass 1
# [native-posix-timestamps] \# fail 0
# [native-posix-timestamps] \# cancelled 0
# [native-posix-timestamps] \# skipped 0
# [native-posix-timestamps] \# todo 0
# [native-posix-timestamps] \# duration_ms 32.78325
# Local push checks passed; 5 suites. Receipts: /var/folders/wt/nn4g5swd3gd139y9r6yw6x_80000gn/T/local-consumer-graph-dfVFTL/.git/local-checks
# Reusing portable local validation for 6f02dc1ec274; native obligations run freshly.
# [native-posix-lock] TAP version 13
# [native-posix-lock] \# Subtest: owned native substitute
# [native-posix-lock] ok 1 - owned native substitute
# [native-posix-lock]   ---
# [native-posix-lock]   duration_ms: 0.230583
# [native-posix-lock]   type: 'test'
# [native-posix-lock]   ...
# [native-posix-lock] \# Subtest: owned native substitute
# [native-posix-lock] ok 2 - owned native substitute
# [native-posix-lock]   ---
# [native-posix-lock]   duration_ms: 0.231166
# [native-posix-lock]   type: 'test'
# [native-posix-lock]   ...
# [native-posix-lock] \# Subtest: owned native substitute
# [native-posix-lock] ok 3 - owned native substitute
# [native-posix-lock]   ---
# [native-posix-lock]   duration_ms: 0.226708
# [native-posix-lock]   type: 'test'
# [native-posix-lock]   ...
# [native-posix-lock] \# Subtest: owned native substitute
# [native-posix-lock] ok 4 - owned native substitute
# [native-posix-lock]   ---
# [native-posix-lock]   duration_ms: 0.288125
# [native-posix-lock]   type: 'test'
# [native-posix-lock]   ...
# [native-posix-lock] \# Subtest: owned native substitute
# [native-posix-lock] ok 5 - owned native substitute
# [native-posix-lock]   ---
# [native-posix-lock]   duration_ms: 0.227458
# [native-posix-lock]   type: 'test'
# [native-posix-lock]   ...
# [native-posix-lock] 1..5
# [native-posix-lock] \# tests 5
# [native-posix-lock] \# suites 0
# [native-posix-lock] \# pass 5
# [native-posix-lock] \# fail 0
# [native-posix-lock] \# cancelled 0
# [native-posix-lock] \# skipped 0
# [native-posix-lock] \# todo 0
# [native-posix-lock] \# duration_ms 144.798084
# [native-posix-timestamps] TAP version 13
# [native-posix-timestamps] \# Subtest: owned native substitute
# [native-posix-timestamps] not ok 1 - owned native substitute
# [native-posix-timestamps]   ---
# [native-posix-timestamps]   duration_ms: 0.321917
# [native-posix-timestamps]   type: 'test'
# [native-posix-timestamps]   location: '/private/var/folders/wt/nn4g5swd3gd139y9r6yw6x_80000gn/T/job-apply-local-checks-sH8PcM/checkout/tests_js/posix_timestamps.test.mjs:2:1'
# [native-posix-timestamps]   failureType: 'testCodeFailure'
# [native-posix-timestamps]   error: 'fresh native failed'
# [native-posix-timestamps]   code: 'ERR_TEST_FAILURE'
# [native-posix-timestamps]   stack: |-
# [native-posix-timestamps]     TestContext.<anonymous> (file:///private/var/folders/wt/nn4g5swd3gd139y9r6yw6x_80000gn/T/job-apply-local-checks-sH8PcM/checkout/tests_js/posix_timestamps.test.mjs:2:160)
# [native-posix-timestamps]     Test.runInAsyncScope (node:async_hooks:214:14)
# [native-posix-timestamps]     Test.run (node:internal/test_runner/test:1047:25)
# [native-posix-timestamps]     Test.start (node:internal/test_runner/test:944:17)
# [native-posix-timestamps]     startSubtestAfterBootstrap (node:internal/test_runner/harness:296:17)
# [native-posix-timestamps]   ...
# [native-posix-timestamps] 1..1
# [native-posix-timestamps] \# tests 1
# [native-posix-timestamps] \# suites 0
# [native-posix-timestamps] \# pass 0
# [native-posix-timestamps] \# fail 1
# [native-posix-timestamps] \# cancelled 0
# [native-posix-timestamps] \# skipped 0
# [native-posix-timestamps] \# todo 0
# [native-posix-timestamps] \# duration_ms 35.164333
# [local-build]
# [local-build] > build:check
# [local-build] > node -e "process.exit(0)"
# [local-build]
# [local-dependent-unit] TAP version 13
# [local-dependent-unit] \# Subtest: direct behavior
# [local-dependent-unit] not ok 1 - direct behavior
# [local-dependent-unit]   ---
# [local-dependent-unit]   duration_ms: 0.243125
# [local-dependent-unit]   type: 'test'
# [local-dependent-unit]   location: '/private/var/folders/wt/nn4g5swd3gd139y9r6yw6x_80000gn/T/job-apply-local-checks-wYf4uR/checkout/tests_js/direct.test.mjs:3:1'
# [local-dependent-unit]   failureType: 'testCodeFailure'
# [local-dependent-unit]   error: 'mutant'
# [local-dependent-unit]   code: 'ERR_TEST_FAILURE'
# [local-dependent-unit]   stack: |-
# [local-dependent-unit]     TestContext.<anonymous> (file:///private/var/folders/wt/nn4g5swd3gd139y9r6yw6x_80000gn/T/job-apply-local-checks-wYf4uR/checkout/tests_js/direct.test.mjs:3:56)
# [local-dependent-unit]     Test.runInAsyncScope (node:async_hooks:214:14)
# [local-dependent-unit]     Test.run (node:internal/test_runner/test:1047:25)
# [local-dependent-unit]     Test.start (node:internal/test_runner/test:944:17)
# [local-dependent-unit]     startSubtestAfterBootstrap (node:internal/test_runner/harness:296:17)
# [local-dependent-unit]   ...
# [local-dependent-unit] 1..1
# [local-dependent-unit] \# tests 1
# [local-dependent-unit] \# suites 0
# [local-dependent-unit] \# pass 0
# [local-dependent-unit] \# fail 1
# [local-dependent-unit] \# cancelled 0
# [local-dependent-unit] \# skipped 0
# [local-dependent-unit] \# todo 0
# [local-dependent-unit] \# duration_ms 32.100041
# [local-dependent-integration] TAP version 13
# [local-dependent-integration] \# Subtest: child behavior
# [local-dependent-integration] not ok 1 - child behavior
# [local-dependent-integration]   ---
# [local-dependent-integration]   duration_ms: 55.144833
# [local-dependent-integration]   type: 'test'
# [local-dependent-integration]   location: '/private/var/folders/wt/nn4g5swd3gd139y9r6yw6x_80000gn/T/job-apply-local-checks-wYf4uR/checkout/tests_js/child.test.mjs:3:1'
# [local-dependent-integration]   failureType: 'testCodeFailure'
# [local-dependent-integration]   error: 'child failed'
# [local-dependent-integration]   code: 'ERR_TEST_FAILURE'
# [local-dependent-integration]   stack: |-
# [local-dependent-integration]     TestContext.<anonymous> (file:///private/var/folders/wt/nn4g5swd3gd139y9r6yw6x_80000gn/T/job-apply-local-checks-wYf4uR/checkout/tests_js/child.test.mjs:3:218)
# [local-dependent-integration]     Test.runInAsyncScope (node:async_hooks:214:14)
# [local-dependent-integration]     Test.run (node:internal/test_runner/test:1047:25)
# [local-dependent-integration]     Test.start (node:internal/test_runner/test:944:17)
# [local-dependent-integration]     startSubtestAfterBootstrap (node:internal/test_runner/harness:296:17)
# [local-dependent-integration]   ...
# [local-dependent-integration] 1..1
# [local-dependent-integration] \# tests 1
# [local-dependent-integration] \# suites 0
# [local-dependent-integration] \# pass 0
# [local-dependent-integration] \# fail 1
# [local-dependent-integration] \# cancelled 0
# [local-dependent-integration] \# skipped 0
# [local-dependent-integration] \# todo 0
# [local-dependent-integration] \# duration_ms 87.883125
# [native-posix-lock] TAP version 13
# [native-posix-lock] \# Subtest: owned native substitute
# [native-posix-lock] ok 1 - owned native substitute
# [native-posix-lock]   ---
# [native-posix-lock]   duration_ms: 0.227
# [native-posix-lock]   type: 'test'
# [native-posix-lock]   ...
# [native-posix-lock] \# Subtest: owned native substitute
# [native-posix-lock] ok 2 - owned native substitute
# [native-posix-lock]   ---
# [native-posix-lock]   duration_ms: 0.259
# [native-posix-lock]   type: 'test'
# [native-posix-lock]   ...
# [native-posix-lock] \# Subtest: owned native substitute
# [native-posix-lock] ok 3 - owned native substitute
# [native-posix-lock]   ---
# [native-posix-lock]   duration_ms: 0.241167
# [native-posix-lock]   type: 'test'
# [native-posix-lock]   ...
# [native-posix-lock] \# Subtest: owned native substitute
# [native-posix-lock] ok 4 - owned native substitute
# [native-posix-lock]   ---
# [native-posix-lock]   duration_ms: 0.282
# [native-posix-lock]   type: 'test'
# [native-posix-lock]   ...
# [native-posix-lock] \# Subtest: owned native substitute
# [native-posix-lock] ok 5 - owned native substitute
# [native-posix-lock]   ---
# [native-posix-lock]   duration_ms: 0.242792
# [native-posix-lock]   type: 'test'
# [native-posix-lock]   ...
# [native-posix-lock] 1..5
# [native-posix-lock] \# tests 5
# [native-posix-lock] \# suites 0
# [native-posix-lock] \# pass 5
# [native-posix-lock] \# fail 0
# [native-posix-lock] \# cancelled 0
# [native-posix-lock] \# skipped 0
# [native-posix-lock] \# todo 0
# [native-posix-lock] \# duration_ms 145.676083
# [native-posix-timestamps] TAP version 13
# [native-posix-timestamps] \# Subtest: owned native substitute
# [native-posix-timestamps] ok 1 - owned native substitute
# [native-posix-timestamps]   ---
# [native-posix-timestamps]   duration_ms: 0.262042
# [native-posix-timestamps]   type: 'test'
# [native-posix-timestamps]   ...
# [native-posix-timestamps] 1..1
# [native-posix-timestamps] \# tests 1
# [native-posix-timestamps] \# suites 0
# [native-posix-timestamps] \# pass 1
# [native-posix-timestamps] \# fail 0
# [native-posix-timestamps] \# cancelled 0
# [native-posix-timestamps] \# skipped 0
# [native-posix-timestamps] \# todo 0
# [native-posix-timestamps] \# duration_ms 32.559209
# Subtest: P03 actual selected consumer failures skips and missing results cannot satisfy cached acceptance
ok 5 - P03 actual selected consumer failures skips and missing results cannot satisfy cached acceptance
  ---
  duration_ms: 2069.768334
  type: 'test'
  ...
# [local-build]
# [local-build] > build:check
# [local-build] > node -e "process.exit(0)"
# [local-build]
# [native-posix-lock] TAP version 13
# [native-posix-lock] \# Subtest: owned native substitute
# [native-posix-lock] ok 1 - owned native substitute
# [native-posix-lock]   ---
# [native-posix-lock]   duration_ms: 0.235459
# [native-posix-lock]   type: 'test'
# [native-posix-lock]   ...
# [native-posix-lock] \# Subtest: owned native substitute
# [native-posix-lock] ok 2 - owned native substitute
# [native-posix-lock]   ---
# [native-posix-lock]   duration_ms: 0.232792
# [native-posix-lock]   type: 'test'
# [native-posix-lock]   ...
# [native-posix-lock] \# Subtest: owned native substitute
# [native-posix-lock] ok 3 - owned native substitute
# [native-posix-lock]   ---
# [native-posix-lock]   duration_ms: 0.244125
# [native-posix-lock]   type: 'test'
# [native-posix-lock]   ...
# [native-posix-lock] \# Subtest: owned native substitute
# [native-posix-lock] ok 4 - owned native substitute
# [native-posix-lock]   ---
# [native-posix-lock]   duration_ms: 0.349209
# [native-posix-lock]   type: 'test'
# [native-posix-lock]   ...
# [native-posix-lock] \# Subtest: owned native substitute
# [native-posix-lock] ok 5 - owned native substitute
# [native-posix-lock]   ---
# [native-posix-lock]   duration_ms: 0.225459
# [native-posix-lock]   type: 'test'
# [native-posix-lock]   ...
# [native-posix-lock] 1..5
# [native-posix-lock] \# tests 5
# [native-posix-lock] \# suites 0
# [native-posix-lock] \# pass 5
# [native-posix-lock] \# fail 0
# [native-posix-lock] \# cancelled 0
# [native-posix-lock] \# skipped 0
# [native-posix-lock] \# todo 0
# [native-posix-lock] \# duration_ms 140.780917
# [native-posix-timestamps] TAP version 13
# [native-posix-timestamps] \# Subtest: owned native substitute
# [native-posix-timestamps] ok 1 - owned native substitute
# [native-posix-timestamps]   ---
# [native-posix-timestamps]   duration_ms: 0.257625
# [native-posix-timestamps]   type: 'test'
# [native-posix-timestamps]   ...
# [native-posix-timestamps] 1..1
# [native-posix-timestamps] \# tests 1
# [native-posix-timestamps] \# suites 0
# [native-posix-timestamps] \# pass 1
# [native-posix-timestamps] \# fail 0
# [native-posix-timestamps] \# cancelled 0
# [native-posix-timestamps] \# skipped 0
# [native-posix-timestamps] \# todo 0
# [native-posix-timestamps] \# duration_ms 31.045
# Local deep checks passed; 5 suites. Receipts: /var/folders/wt/nn4g5swd3gd139y9r6yw6x_80000gn/T/local-consumer-graph-vL7QX6/.git/local-checks
# [local-build]
# [local-build] > build:check
# [local-build] > node -e "process.exit(0)"
# [local-build]
# [native-posix-lock] TAP version 13
# [native-posix-lock] \# Subtest: owned native substitute
# [native-posix-lock] ok 1 - owned native substitute
# [native-posix-lock]   ---
# [native-posix-lock]   duration_ms: 0.231042
# [native-posix-lock]   type: 'test'
# [native-posix-lock]   ...
# [native-posix-lock] \# Subtest: owned native substitute
# [native-posix-lock] ok 2 - owned native substitute
# [native-posix-lock]   ---
# [native-posix-lock]   duration_ms: 0.232458
# [native-posix-lock]   type: 'test'
# [native-posix-lock]   ...
# [native-posix-lock] \# Subtest: owned native substitute
# [native-posix-lock] ok 3 - owned native substitute
# [native-posix-lock]   ---
# [native-posix-lock]   duration_ms: 0.234209
# [native-posix-lock]   type: 'test'
# [native-posix-lock]   ...
# [native-posix-lock] \# Subtest: owned native substitute
# [native-posix-lock] ok 4 - owned native substitute
# [native-posix-lock]   ---
# [native-posix-lock]   duration_ms: 0.225542
# [native-posix-lock]   type: 'test'
# [native-posix-lock]   ...
# [native-posix-lock] \# Subtest: owned native substitute
# [native-posix-lock] ok 5 - owned native substitute
# [native-posix-lock]   ---
# [native-posix-lock]   duration_ms: 0.229125
# [native-posix-lock]   type: 'test'
# [native-posix-lock]   ...
# [native-posix-lock] 1..5
# [native-posix-lock] \# tests 5
# [native-posix-lock] \# suites 0
# [native-posix-lock] \# pass 5
# [native-posix-lock] \# fail 0
# [native-posix-lock] \# cancelled 0
# [native-posix-lock] \# skipped 0
# [native-posix-lock] \# todo 0
# [native-posix-lock] \# duration_ms 145.619375
# [native-posix-timestamps] TAP version 13
# [native-posix-timestamps] \# Subtest: owned native substitute
# [native-posix-timestamps] ok 1 - owned native substitute
# [native-posix-timestamps]   ---
# [native-posix-timestamps]   duration_ms: 0.308292
# [native-posix-timestamps]   type: 'test'
# [native-posix-timestamps]   ...
# [native-posix-timestamps] 1..1
# [native-posix-timestamps] \# tests 1
# [native-posix-timestamps] \# suites 0
# [native-posix-timestamps] \# pass 1
# [native-posix-timestamps] \# fail 0
# [native-posix-timestamps] \# cancelled 0
# [native-posix-timestamps] \# skipped 0
# [native-posix-timestamps] \# todo 0
# [native-posix-timestamps] \# duration_ms 32.728958
# Local deep checks passed; 5 suites. Receipts: /var/folders/wt/nn4g5swd3gd139y9r6yw6x_80000gn/T/local-consumer-graph-vL7QX6/.git/local-checks
# Subtest: P03 actual dirty owner and merge snapshots bind the exact tested dependency graph
ok 6 - P03 actual dirty owner and merge snapshots bind the exact tested dependency graph
  ---
  duration_ms: 1034.3145
  type: 'test'
  ...
1..6
# tests 6
# suites 0
# pass 6
# fail 0
# cancelled 0
# skipped 0
# todo 0
# duration_ms 6143.339542
