TAP version 13
# Subtest: answer request gates reject stale selections, keys, sequences and generations exactly
ok 1 - answer request gates reject stale selections, keys, sequences and generations exactly
  ---
  duration_ms: 0.37225
  type: 'test'
  ...
# Subtest: answer TS covers all nine reference exports across ordinary and coercive inputs
ok 2 - answer TS covers all nine reference exports across ordinary and coercive inputs
  ---
  duration_ms: 1.586333
  type: 'test'
  ...
# Subtest: answer TS preserves getter access order, short circuits and coercion errors
ok 3 - answer TS preserves getter access order, short circuits and coercion errors
  ---
  duration_ms: 0.263416
  type: 'test'
  ...
# Subtest: answer TS scope retains JS JSON semantics, getter order, toJSON and failures
ok 4 - answer TS scope retains JS JSON semantics, getter order, toJSON and failures
  ---
  duration_ms: 1.6775
  type: 'test'
  ...
1..4
# tests 4
# suites 0
# pass 4
# fail 0
# cancelled 0
# skipped 0
# todo 0
# duration_ms 35.693125
