TAP version 13
# Subtest: S02.R byte decoding reference: default CPython
ok 1 - S02.R byte decoding reference: default CPython
  ---
  duration_ms: 56.062667
  type: 'test'
  ...
# 3.14.4: 82 fixed byte inputs; default python3 may repeat an explicit profile
# Subtest: S02.R byte decoding reference: CPython 3.12
ok 2 - S02.R byte decoding reference: CPython 3.12
  ---
  duration_ms: 38.409167
  type: 'test'
  ...
# 3.12.13: 82 fixed byte inputs; default python3 may repeat an explicit profile
# Subtest: S02.R byte decoding reference: CPython 3.13
ok 3 - S02.R byte decoding reference: CPython 3.13
  ---
  duration_ms: 49.609333
  type: 'test'
  ...
# 3.13.13: 82 fixed byte inputs; default python3 may repeat an explicit profile
# Subtest: S02.R byte decoding reference: CPython 3.14
ok 4 - S02.R byte decoding reference: CPython 3.14
  ---
  duration_ms: 49.548167
  type: 'test'
  ...
# 3.14.4: 82 fixed byte inputs; default python3 may repeat an explicit profile
# Subtest: S02.R byte decoding reference rejects external input
ok 5 - S02.R byte decoding reference rejects external input
  ---
  duration_ms: 42.576125
  type: 'test'
  ...
1..5
# tests 5
# suites 0
# pass 5
# fail 0
# cancelled 0
# skipped 0
# todo 0
# duration_ms 275.293042
