TAP version 13
# Subtest: P07 lineage preserves accepted DAG edges and their exact receipt bindings
ok 1 - P07 lineage preserves accepted DAG edges and their exact receipt bindings
  ---
  duration_ms: 1.88375
  type: 'test'
  ...
# Subtest: P07 lineage binds immutable versions and rejects cycles or fake ancestry
ok 2 - P07 lineage binds immutable versions and rejects cycles or fake ancestry
  ---
  duration_ms: 1.695375
  type: 'test'
  ...
# Subtest: P07 lineage maps implementation and review roles without laundering acceptance
ok 3 - P07 lineage maps implementation and review roles without laundering acceptance
  ---
  duration_ms: 0.434667
  type: 'test'
  ...
# Subtest: P07 lineage rejects competing transitions and ambiguous active versions
ok 4 - P07 lineage rejects competing transitions and ambiguous active versions
  ---
  duration_ms: 0.261333
  type: 'test'
  ...
# Subtest: P07 lineage preserves required coverage across approved refinements
ok 5 - P07 lineage preserves required coverage across approved refinements
  ---
  duration_ms: 1.449292
  type: 'test'
  ...
1..5
# tests 5
# suites 0
# pass 5
# fail 0
# cancelled 0
# skipped 0
# todo 0
# duration_ms 40.188625
