TAP version 13
# Subtest: P06 coordinator catalog and review lock evolve through actual activation and receipt snapshots
ok 1 - P06 coordinator catalog and review lock evolve through actual activation and receipt snapshots
  ---
  duration_ms: 6667.68025
  type: 'test'
  ...
# Subtest: P06 metadata evolution cannot conceal source edits or unrelated shard changes
ok 2 - P06 metadata evolution cannot conceal source edits or unrelated shard changes
  ---
  duration_ms: 6868.927125
  type: 'test'
  ...
# Subtest: P06 frozen metadata identities and historical evidence remain immutable
ok 3 - P06 frozen metadata identities and historical evidence remain immutable
  ---
  duration_ms: 8957.954166
  type: 'test'
  ...
# Subtest: P06 actual dependency-linked hook snapshots support the complete registered product lifecycle
ok 4 - P06 actual dependency-linked hook snapshots support the complete registered product lifecycle
  ---
  duration_ms: 57944.425458
  type: 'test'
  ...
1..4
# tests 4
# suites 0
# pass 4
# fail 0
# cancelled 0
# skipped 0
# todo 0
# duration_ms 80643.743
